// Jest Snapshot v1, https://goo.gl/fbAQLP

exports[`Pruebas en el Home View debe de renderizar el componente correctamente 1`] = `
<div class="home"><img alt="Vue logo" src="">
  <helloworld msg="Welcome to Your Vue.js App"></helloworld><button class="btn btn-primary">Primary</button><button class="btn btn-secondary">Primary</button><button class="btn btn-success">Primary</button>
</div>
`;
